gcc -std=gnu23 -c -o dlls/ntdll/unix/macrunner_hb.o /Users/timurtoby/Documents/MacRunner/Main/MacRunner/engine/wine/dlls/ntdll/unix/macrunner_hb.c \
  -Idlls/ntdll -I/Users/timurtoby/Documents/MacRunner/Main/MacRunner/engine/wine/dlls/ntdll \
  -Iinclude -I/Users/timurtoby/Documents/MacRunner/Main/MacRunner/engine/wine/include -D__WINESRC__ \
  -DLTC_NO_PROTOTYPES -DLTC_SOURCE -D_NTSYSTEM_ -D_ACRTIMP= -DWINBASEAPI= -DWINE_UNIX_LIB \
  -I/Users/timurtoby/Documents/MacRunner/Main/MacRunner/engine/wine/../hyperbridge/include -Wall \
  -pipe -fcf-protection=none -fvisibility=hidden -fno-stack-protector -fno-strict-aliasing \
  -Wdeclaration-after-statement -Wempty-body -Wignored-qualifiers -Winit-self -Wpointer-arith \
  -Wstrict-prototypes -Wtype-limits -Wunused-but-set-parameter -Wvla -Wwrite-strings -gdwarf-4 -fPIC \
  -fasynchronous-unwind-tables -g -O2 -DIS_WOW64_BUILD -DIS_WOW64_BUILD -DIS_WOW64_BUILD -U_FORTIFY_SOURCE -D_FORTIFY_SOURCE=0 -DIS_WOW64_BUILD -DIS_WOW64_BUILD -DIS_WOW64_BUILD
In file included from /Users/timurtoby/Documents/MacRunner/Main/MacRunner/engine/wine/dlls/ntdll/unix/macrunner_hb.c:52:
/Users/timurtoby/Documents/MacRunner/Main/MacRunner/engine/wine/dlls/ntdll/unix/unix_private.h:93:9: warning: 'WINE_NT_MAP_VIEW' macro redefined [-Wmacro-redefined]
   93 | #define WINE_NT_MAP_VIEW(mapping, process, ptr, zero_bits, commit_size, offset, size, inherit_, alloc_type_, protect_) \
      |         ^
/Users/timurtoby/Documents/MacRunner/Main/MacRunner/engine/wine/include/winternl.h:4726:9: note: previous definition is here
 4726 | #define WINE_NT_MAP_VIEW(handle, process, addr, zero_bits, commit_size, offset, size, inherit, alloc_type, protect) \
      |         ^
/Users/timurtoby/Documents/MacRunner/Main/MacRunner/engine/wine/dlls/ntdll/unix/macrunner_hb.c:10156:25: warning: trigraph ignored [-Wtrigraphs]
 10156 |     if (!strncmp( p, "//??/", 5 )) p += 5;
       |                         ^
/Users/timurtoby/Documents/MacRunner/Main/MacRunner/engine/wine/dlls/ntdll/unix/macrunner_hb.c:11482:49: warning: address of array 'thunk->dll_name' will always evaluate to 'true' [-Wpointer-bool-conversion]
 11482 |                      thunk->import_name, thunk->dll_name ? thunk->dll_name : "?",
       |                                          ~~~~~~~^~~~~~~~ ~
/Users/timurtoby/Documents/MacRunner/Main/MacRunner/engine/wine/dlls/ntdll/unix/macrunner_hb.c:14065:19: warning: incompatible pointer types passing 'WCHAR[64]' (aka 'unsigned short[64]') to parameter of type 'wchar_t *' (aka 'int *') [-Wincompatible-pointer-types]
 14065 |         swprintf( buffer, ARRAY_SIZE(buffer), L"\\Sessions\\%u\\BaseNamedObjects",
       |                   ^~~~~~
/Library/Developer/CommandLineTools/SDKs/MacOSX26.4.sdk/usr/include/_wchar.h:120:56: note: passing argument to parameter here
  120 | int     swprintf(wchar_t * __restrict _LIBC_COUNT(__maxlen), size_t __maxlen,
      |                                                            ^
/Users/timurtoby/Documents/MacRunner/Main/MacRunner/engine/wine/dlls/ntdll/unix/macrunner_hb.c:15381:19: warning: incompatible pointer types passing 'WCHAR[64]' (aka 'unsigned short[64]') to parameter of type 'wchar_t *' (aka 'int *') [-Wincompatible-pointer-types]
 15381 |         swprintf( name, ARRAY_SIZE(name), L"\\??\\pipe\\Win32.Pipes.%08lu.%08u",
       |                   ^~~~
/Library/Developer/CommandLineTools/SDKs/MacOSX26.4.sdk/usr/include/_wchar.h:120:56: note: passing argument to parameter here
  120 | int     swprintf(wchar_t * __restrict _LIBC_COUNT(__maxlen), size_t __maxlen,
      |                                                            ^
/Users/timurtoby/Documents/MacRunner/Main/MacRunner/engine/wine/dlls/ntdll/unix/macrunner_hb.c:16881:11: warning: unused variable 'module' [-Wunused-variable]
 16881 |     void *module, *target;
       |           ^~~~~~
6 warnings generated.
gcc -std=gnu23 -o dlls/ntdll/ntdll.so -dynamiclib -install_name @rpath/ntdll.so -Wl,-rpath,@loader_path\/ \
  dlls/ntdll/unix/cdrom.o dlls/ntdll/unix/debug.o dlls/ntdll/unix/env.o dlls/ntdll/unix/file.o \
  dlls/ntdll/unix/msync.o dlls/ntdll/unix/loader.o dlls/ntdll/unix/loadorder.o \
  dlls/ntdll/unix/macrunner_hb.o dlls/ntdll/unix/process.o dlls/ntdll/unix/registry.o \
  dlls/ntdll/unix/security.o dlls/ntdll/unix/serial.o dlls/ntdll/unix/server.o \
  dlls/ntdll/unix/signal_arm.o dlls/ntdll/unix/signal_arm64.o dlls/ntdll/unix/signal_i386.o \
  dlls/ntdll/unix/signal_x86_64.o dlls/ntdll/unix/socket.o dlls/ntdll/unix/sync.o \
  dlls/ntdll/unix/system.o dlls/ntdll/unix/tape.o dlls/ntdll/unix/thread.o dlls/ntdll/unix/virtual.o \
  dlls/ntdll/unix/version.o -framework IOKit -framework CoreFoundation -framework CoreFoundation \
  -framework CoreServices \
  /Users/timurtoby/Documents/MacRunner/Main/MacRunner/engine/wine/../hyperbridge/libhyperbridge.a \
  
