aarch64-w64-mingw32-clang -c -o dlls/wow64/aarch64-windows/virtual.o /Users/timurtoby/Documents/MacRunner/Main/MacRunner/engine/wine/dlls/wow64/virtual.c \
  -Idlls/wow64 -I/Users/timurtoby/Documents/MacRunner/Main/MacRunner/engine/wine/dlls/wow64 \
  -Iinclude -I/Users/timurtoby/Documents/MacRunner/Main/MacRunner/engine/wine/include \
  -I/Users/timurtoby/Documents/MacRunner/Main/MacRunner/engine/wine/include/msvcrt -D_MSVCR_VER=0 \
  -D__WINESRC__ -D__WINE_PE_BUILD -Wall -target aarch64-windows -fuse-ld=lld --no-default-config \
  -fno-strict-aliasing -Wdeclaration-after-statement -Wempty-body -Wignored-qualifiers -Winit-self \
  -Wno-microsoft-enum-forward-reference -Wstrict-prototypes -Wtype-limits -Wunused-but-set-parameter \
  -Wvla -Wwrite-strings -Wpointer-arith -Wabsolute-value -ffunction-sections -fasync-exceptions \
  -ffp-exception-behavior=maytrap -gdwarf-4 -g -O2
x86_64-w64-mingw32-gcc -c -o dlls/wow64/x86_64-windows/virtual.o /Users/timurtoby/Documents/MacRunner/Main/MacRunner/engine/wine/dlls/wow64/virtual.c \
  -Idlls/wow64 -I/Users/timurtoby/Documents/MacRunner/Main/MacRunner/engine/wine/dlls/wow64 \
  -Iinclude -I/Users/timurtoby/Documents/MacRunner/Main/MacRunner/engine/wine/include \
  -I/Users/timurtoby/Documents/MacRunner/Main/MacRunner/engine/wine/include/msvcrt -D_MSVCR_VER=0 \
  -D__WINESRC__ -D__WINE_PE_BUILD -Wall -target x86_64-windows -fuse-ld=lld --no-default-config \
  -fno-strict-aliasing -Wdeclaration-after-statement -Wempty-body -Wignored-qualifiers -Winit-self \
  -Wno-microsoft-enum-forward-reference -Wstrict-prototypes -Wtype-limits -Wunused-but-set-parameter \
  -Wvla -Wwrite-strings -Wpointer-arith -Wabsolute-value -ffunction-sections -fasync-exceptions \
  -ffp-exception-behavior=maytrap -fms-hotpatch -Wformat-overflow -Wnonnull -mcx16 -mcmodel=small \
  -gdwarf-4 -g -O2
/Users/timurtoby/Documents/MacRunner/Main/MacRunner/engine/wine/dlls/wow64/virtual.c:70:86: warning: format specifies type 'unsigned long' but the argument has type 'SIZE_T' (aka 'unsigned long long') [-Wformat]
/Users/timurtoby/Documents/MacRunner/Main/MacRunner/engine/wine/dlls/wow64/virtual.c:70:86: warning: format specifies type 'unsigned long' but the argument has type 'SIZE_T' (aka 'unsigned long long') [-Wformat]
   70 |         MESSAGE( "macrunner-wow64: guest32-write query out=%p remaining=%lu\n", out, size );
      |                                                                         ~~~          ^~~~
      |                                                                         %llu
   70 |         MESSAGE( "macrunner-wow64: guest32-write query out=%p remaining=%lu\n", out, size );
      |                                                                         ~~~          ^~~~
      |                                                                         %llu
/Users/timurtoby/Documents/MacRunner/Main/MacRunner/engine/wine/dlls/wow64/virtual.c:74:43: warning: format specifies type 'unsigned long' but the argument has type 'SIZE_T' (aka 'unsigned long long') [-Wformat]
   73 |         MESSAGE/Users/timurtoby/Documents/MacRunner/Main/MacRunner/engine/wine/dlls/wow64/virtual.c:74:43: warning: format specifies type 'unsigned long' but the argument has type 'SIZE_T' (aka 'unsigned long long') [-Wformat]
( "macrunner-wow64: guest32-write query status=%08lx base=%p size=%lu state=%08lx protect=%08lx\n",
      |                                                                                  ~~~
      |                                                                                  %llu
   73   74 |                  status, mbi.BaseAddress, mbi.RegionSize, mbi.State, mbi.Protect );
      |                                           ^~~~~~~~~~~~~~
 |         MESSAGE( "macrunner-wow64: g/Users/timurtoby/Documents/MacRunner/Main/MacRunner/engine/wine/dlls/wow64/virtual.c:91:28: warning: format specifies type 'unsigned long' but the argument has type 'SIZE_T' (aka 'unsigned long long') [-Wformat]
uest32-write query status=%08lx base=%p size=%lu state=%08l   90 |             MESSAGE( "macrunner-wox protect=%08lx\n",
      w6|                                                                                  ~~~
      |                                                                                  %llu
4   74 |    : gues              stt32-wratus, mbi.BaseAddress, mbi.RegionSize, mbi.State, mbi.Protect );
      |                                           ^~~~~~~~~~~~~~
ite protect base=%p size=%lu old=%08lx\n",
      |                                                                           ~~~
      |                                                                           %llu
/Users/timurtoby/Documents/MacRunner/Main/MacRunner/engine/wine/dlls/wow64/virtual.c:91:28: warning: format specifies type 'unsigned long' but the argument has type 'SIZE_T' (aka 'unsigned long long') [-Wformat]
   91 |                      base, protect_size, mbi.Protect );
   90 |             MESSAGE      |                            ^~~~~~~~~~~~
( "macrunner-wow64: guest32-write protec/Users/timurtoby/Documents/MacRunner/Main/MacRunner/engine/wine/dlls/wow64/virtual.c:101:23t b: warning: format specifies type 'unsigned long' but the argument has type 'SIZE_T' (aka 'unsigned long long') [-Wformat]
ase=%p si  100 |    ze=%lu old=%08lx\n",
      |                                                                           ~~~
      |                                                                           %llu
     MESSAGE( "macrunner-wow64: guest32-write memcpy out=%p chunk=%lu r   91 |                      base, protect_size, mbi.Protect );
      |                            ^~~~~~~~~~~~
estore=%u\n",
      |                                                                      ~~~
      |                                                                      %llu
  101 |                  out, chunk, restor/Users/timurtoby/Documents/MacRunner/Main/MacRunner/engine/wine/dlls/wow64/virtual.c:101:23: warning: format specifies type 'unsigned long' but the argument has type 'SIZE_T' (aka 'unsigned long long') [-Wformat]
e );
      |                       ^~~~~  100 |         MESSAGE( "macrunner
-wow64: guest32-write memcpy out=%p chunk=%lu restore=%u\n",
      |                                                                      ~~~
      |                                                                      %llu
/Users/timurtoby/Documents/MacRunner/Main/MacRunner/engine/wine/dlls/wow64/virtual.c:103:88: warning: format specifies type 'unsigned long' but the argument has type 'SIZE_T' (aka 'unsigned long long') [-Wformat]
  101 |                  out, chunk, restore );
      |                       ^~~~~
  103 |         MESSAGE( /Users/timurtoby/Documents/MacRunner/Main/MacRunner/engine/wine/dlls/wow64/virtual.c:103:88: warning: format specifies type 'unsigned long' but the argument has type 'SIZE_T' (aka 'unsigned long long') [-Wformat]
"macrunner-wow64: guest32-write memcpy-done out=%p chunk=%lu\n", out, chunk );
      |                                                                           ~~~          ^~~~~
      |                                                                           %llu
  103 |         MESSAGE( "macrunner-wow64: guest32-write memcpy-done out=%p chunk=%lu\n", out, chunk );
      |                                                                           ~~~          ^~~~~
      |                                                                           %llu
/Users/timurtoby/Documents/MacRunner/Main/MacRunner/engine/wine/dlls/wow64/virtual.c:112:28: warning: format specifies type 'unsigned long' but the argument has type 'SIZE_T' (aka 'unsigned long long') [-Wformat]
  111 |             MESSAGE( "macrunner-wow64: guest32-wri/Users/timurtoby/Documents/MacRunner/Main/MacRunner/engine/wine/dlls/wow64/virtual.c:112:28: warning: format specifies type 'unsigned long' but the argument has type 'SIZE_T' (aka 'unsigned long long') [-Wformat]
te restor  111 |      e base=%p s      ize=%lu ol MESSAGE( "d=%08lx\n",
      |                                                                           ~~~
      | macrunner-wow64: gues                                                                          %llu
t3  112 |                      base, pr2-otect_size, old_protect );
      |                            ^~~~~~~~~~~~
write restore base=%p size=%lu old=%08lx\n",
      |                                                                           ~~~
      |                                                                           %llu
  112 |                      base, protect_size, old_protect );
      |                            ^~~~~~~~~~~~
/Users/timurtoby/Documents/MacRunner/Main/MacRunner/engine/wine/dlls/wow64/virtual.c:844:57: warning: format specifies type 'unsigned long' but the argument has type 'SIZE_T' (aka 'unsigned long long') [-Wformat]
  843 |             MESSAGE( "macrunner-wow64: MemoryWineUnixFuncs native status=%08lx funcs=%016llx res_len=%lu\n",
      |                                                                                                      ~~~
      |                                                                                                      %llu
  844 |                      status, (unsigned long long)funcs, res_len );
      |                                                         ^~~~~~~
/Users/timurtoby/Documents/MacRunner/Main/MacRunner/engine/wine/dlls/wow64/virtual.c:857:34: warning: format specifies type 'unsigned long' but the argument has type 'SIZE_T' (aka 'unsigned long long') [-Wformat]
  856 |         MESSAGE( "macrunner-wow64: MemoryWineUnixFuncs return status=%08lx retlen=%p res_len=%lu\n",
      |                                                                                              ~~~
      |                                                                                              %llu
  857 |                  status, retlen, res_len );
      |                                  ^~~~~~~
/Users/timurtoby/Documents/MacRunner/Main/MacRunner/engine/wine/dlls/wow64/virtual.c:844:57: warning: format specifies type 'unsigned long' but the argument has type 'SIZE_T' (aka 'unsigned long long') [-Wformat]
  843 |             MESSAGE( "macrunner-wow64: MemoryWineUnixFuncs native status=%08lx funcs=%016llx res_len=%lu\n",
      |                                                                                                      ~~~
      |                                                                                                      %llu
  844 |                      status, (unsigned long long)funcs, res_len );
      |                                                         ^~~~~~~
/Users/timurtoby/Documents/MacRunner/Main/MacRunner/engine/wine/dlls/wow64/virtual.c:857:34: warning: format specifies type 'unsigned long' but the argument has type 'SIZE_T' (aka 'unsigned long long') [-Wformat]
  856 |         MESSAGE( "macrunner-wow64: MemoryWineUnixFuncs return status=%08lx retlen=%p res_len=%lu\n",
      |                                                                                              ~~~
      |                                                                                              %llu
  857 |                  status, retlen, res_len );
      |                                  ^~~~~~~
8 warnings generated.
tools/winegcc/winegcc -o dlls/wow64/aarch64-windows/wow64.dll --wine-objdir . -b aarch64-windows -Wl,--wine-builtin -shared \
  /Users/timurtoby/Documents/MacRunner/Main/MacRunner/engine/wine/dlls/wow64/wow64.spec \
  -nodefaultlibs dlls/wow64/aarch64-windows/file.o dlls/wow64/aarch64-windows/process.o \
  dlls/wow64/aarch64-windows/registry.o dlls/wow64/aarch64-windows/security.o \
  dlls/wow64/aarch64-windows/sync.o dlls/wow64/aarch64-windows/syscall.o \
  dlls/wow64/aarch64-windows/system.o dlls/wow64/aarch64-windows/virtual.o \
  dlls/ntdll/aarch64-windows/libntdll.a dlls/winecrt0/aarch64-windows/libwinecrt0.a \
  libs/compiler-rt/aarch64-windows/libcompiler-rt.a --no-default-config -Wl,-debug:dwarf
8 warnings generated.
tools/winegcc/winegcc -o dlls/wow64/x86_64-windows/wow64.dll --wine-objdir . -b x86_64-windows -Wl,--wine-builtin -shared \
  /Users/timurtoby/Documents/MacRunner/Main/MacRunner/engine/wine/dlls/wow64/wow64.spec \
  -nodefaultlibs dlls/wow64/x86_64-windows/file.o dlls/wow64/x86_64-windows/process.o \
  dlls/wow64/x86_64-windows/registry.o dlls/wow64/x86_64-windows/security.o \
  dlls/wow64/x86_64-windows/sync.o dlls/wow64/x86_64-windows/syscall.o \
  dlls/wow64/x86_64-windows/system.o dlls/wow64/x86_64-windows/virtual.o \
  dlls/ntdll/x86_64-windows/libntdll.a dlls/winecrt0/x86_64-windows/libwinecrt0.a \
  libs/compiler-rt/x86_64-windows/libcompiler-rt.a --no-default-config -fms-hotpatch -Wl,-debug:dwarf
