stamp=20260604121003
disk-guard: free before = 104 GB (min required = 30 GB)
disk_guard_rc=0

7-Zip [64] 17.05 : Copyright (c) 1999-2021 Igor Pavlov : 2017-08-28
p7zip Version 17.05 (locale=utf8,Utf16=on,HugeFiles=on,64 bits,8 CPUs LE)

Scanning the drive for archives:
1 file, 523874672 bytes (500 MiB)

Extracting archive: Half-Life.7z
--
Path = Half-Life.7z
Type = 7z
Physical Size = 523874672
Headers Size = 112359
Method = Delta LZMA2:48m LZMA:20 BCJ2
Solid = -
Blocks = 9526

Everything is Ok

Folders: 241
Files: 9527
Size:       1182534481
Compressed: 523874672
extract_rc=0
artifacts/games/half-life/Half-Life/vstdlib.dll
artifacts/games/half-life/Half-Life/DemoPlayer.dll
artifacts/games/half-life/Half-Life/Core.dll
artifacts/games/half-life/Half-Life/a3dapi.dll
artifacts/games/half-life/Half-Life/steam_api.dll
artifacts/games/half-life/Half-Life/vgui2.dll
artifacts/games/half-life/Half-Life/hw.dll
artifacts/games/half-life/Half-Life/tier0.dll
artifacts/games/half-life/Half-Life/icudt.dll
artifacts/games/half-life/Half-Life/proxy.dll
artifacts/games/half-life/Half-Life/avutil-51.dll
artifacts/games/half-life/Half-Life/sw.dll
artifacts/games/half-life/Half-Life/libcef.dll
artifacts/games/half-life/Half-Life/chromehtml.dll
artifacts/games/half-life/Half-Life/FileSystem_Stdio.dll
artifacts/games/half-life/Half-Life/SDL2.dll
artifacts/games/half-life/Half-Life/hl.exe
artifacts/games/half-life/Half-Life/Mss32.dll
artifacts/games/half-life/Half-Life/avcodec-53.dll
artifacts/games/half-life/Half-Life/vgui.dll
artifacts/games/half-life/Half-Life/avformat-53.dll
artifacts/games/half-life/Half-Life/swds.dll
